<?xml version="1.0" encoding="utf-8"?><testsuites><testsuite name="pytest" errors="0" failures="0" skipped="0" tests="29" time="0.895" timestamp="2022-12-20T23:01:04.183744" hostname="debian"><testcase classname="tests.test_calculos" name="test_calc_deslocamento" time="0.004" /><testcase classname="tests.test_calculos" name="test_calc_grau_sat" time="0.002" /><testcase classname="tests.test_calculos" name="test_calc_atraso" time="0.001" /><testcase classname="tests.test_calculos" name="test_calc_fila_max" time="0.001" /><testcase classname="tests.test_calculos" name="test_calc_tempo_dissipacao" time="0.001" /><testcase classname="tests.test_calculos" name="test_calc_num_paradas" time="0.002" /><testcase classname="tests.test_calculos" name="test_calc_tempo_fluxo_pelotao" time="0.001" /><testcase classname="tests.test_grafo" name="test_get_vertices" time="0.001" /><testcase classname="tests.test_grafo" name="test_get_arestas" time="0.001" /><testcase classname="tests.test_grafo" name="test_adiciona_arestas" time="0.002" /><testcase classname="tests.test_grafo" name="test_adiciona_arco" time="0.003" /><testcase classname="tests.test_grafo" name="test_adiciona_vertice_isolado" time="0.001" /><testcase classname="tests.test_grafo" name="test_existe_aresta" time="0.001" /><testcase classname="tests.test_grafo" name="test_qtd_vertices" time="0.002" /><testcase classname="tests.test_grafo" name="test_get_list_adj" time="0.004" /><testcase classname="tests.test_grafo" name="test_get_coloracoes" time="0.002" /><testcase classname="tests.test_grafo" name="test_colapsa" time="0.003" /><testcase classname="tests.test_grafo" name="test_get_num_colors_greedy_coloring" time="0.004" /><testcase classname="tests.test_grafo" name="test_get_num_colors_greedy_coloring_only_two_colors" time="0.002" /><testcase classname="tests.test_grafo" name="test_get_greedy_coloring_only_two_colors" time="0.001" /><testcase classname="tests.test_grupo_movimento" name="test_new_semaforo" time="0.002" /><testcase classname="tests.test_load_data" name="test_load_csv_conexao" time="0.006" /><testcase classname="tests.linear_programming.test_model" name="test_get_max" time="0.065" /><testcase classname="tests.linear_programming.test_model" name="test_get_min" time="0.021" /><testcase classname="tests.linear_programming.test_model" name="test_create_var_and_restricoes_por_cruzamento" time="0.024" /><testcase classname="tests.linear_programming.test_model" name="test_calc_primeira_parte_num_paradas_without_exclude_vertices" time="0.002" /><testcase classname="tests.linear_programming.test_model" name="test_calc_primeira_parte_num_paradas_with_exclude_vertices" time="0.002" /><testcase classname="tests.linear_programming.test_model" name="test_calc_sum_numero_paradas" time="0.002" /><testcase classname="tests.linear_programming.test_model" name="test_run_model_semaforo" time="0.107" /></testsuite></testsuites>
